Last login: Sat Jun  6 14:58:55 on console

The default interactive shell is now zsh.
To update your account to use zsh, please run `chsh -s /bin/zsh`.
For more details, please visit https://support.apple.com/kb/HT208050.
(base) Steves-MBP:~ stevedepp$ nmap george
Starting Nmap 7.80 ( https://nmap.org ) at 2020-06-06 15:00 EDT
Nmap scan report for george (192.168.1.123)
Host is up (0.016s latency).
rDNS record for 192.168.1.123: george.hsd1.pa.comcast.net
Not shown: 996 closed ports
PORT     STATE SERVICE
22/tcp   open  ssh
111/tcp  open  rpcbind
3389/tcp open  ms-wbt-server
5900/tcp open  vnc

Nmap done: 1 IP address (1 host up) scanned in 1.60 seconds
(base) Steves-MBP:~ stevedepp$ ssh -L 5901:127.0.0.1:5901 -N -f -l steve 192.168.1.123
steve@192.168.1.123's password: 
(base) Steves-MBP:~ stevedepp$ ssh steve@192.168.1.123
steve@192.168.1.123's password: 
Welcome to Ubuntu 18.04.2 LTS (GNU/Linux 4.9.140-tegra aarch64)

 * Documentation:  https://help.ubuntu.com
 * Management:     https://landscape.canonical.com
 * Support:        https://ubuntu.com/advantage

This system has been minimized by removing packages and content that are
not required on a system that users do not log into.

To restore this content, you can run the 'unminimize' command.

188 packages can be updated.
0 updates are security updates.

Last login: Sat Jun  6 14:57:14 2020
steve@george:~$ ls
Desktop    Downloads         Music     Public  snap       thinclient_drives
Documents  examples.desktop  Pictures  shots   Templates  Videos
steve@george:~$ export PATH=/usr/local/cuda-10.0/bin${PATH:+:${PATH}}
steve@george:~$ export LD_LIBRARY_PATH=/usr/local/cuda-10.0/lib64${LD_LIBRARY_PATH:+:${LD_LIBRARY_PATH}}
steve@george:~$ git clone https://github.com/AlexeyAB/darknet.git
Cloning into 'darknet'...
remote: Enumerating objects: 13627, done.
remote: Total 13627 (delta 0), reused 0 (delta 0), pack-reused 13627
Receiving objects: 100% (13627/13627), 12.21 MiB | 1.68 MiB/s, done.
Resolving deltas: 100% (9297/9297), done.
steve@george:~$ cd darknet
steve@george:~/darknet$ wget https://pjreddie.com/media/files/yolov3.weights
--2020-06-06 15:14:20--  https://pjreddie.com/media/files/yolov3.weights
Resolving pjreddie.com (pjreddie.com)... 128.208.4.108
Connecting to pjreddie.com (pjreddie.com)|128.208.4.108|:443... connected.
HTTP request sent, awaiting response... 200 OK
Length: 248007048 (237M) [application/octet-stream]
Saving to: ‘yolov3.weights’

yolov3.weights      100%[===================>] 236.52M  1.22MB/s    in 9m 16s  

2020-06-06 15:23:37 (436 KB/s) - ‘yolov3.weights’ saved [248007048/248007048]

steve@george:~/darknet$ 
steve@george:~/darknet$ wget https://pjreddie.com/media/files/yolov3-tiny.weights
--2020-06-06 15:27:37--  https://pjreddie.com/media/files/yolov3-tiny.weights
Resolving pjreddie.com (pjreddie.com)... 128.208.4.108
Connecting to pjreddie.com (pjreddie.com)|128.208.4.108|:443... connected.
HTTP request sent, awaiting response... 200 OK
Length: 35434956 (34M) [application/octet-stream]
Saving to: ‘yolov3-tiny.weights’

yolov3-tiny.weights 100%[===================>]  33.79M   368KB/s    in 40s     

2020-06-06 15:28:18 (864 KB/s) - ‘yolov3-tiny.weights’ saved [35434956/35434956]

steve@george:~/darknet$ sudo apt install nano
[sudo] password for steve: 
Reading package lists... Done
Building dependency tree       
Reading state information... Done
nano is already the newest version (2.9.3-2).
0 upgraded, 0 newly installed, 0 to remove and 206 not upgraded.
steve@george:~/darknet$ nano Makefile 
steve@george:~/darknet$ make
mkdir -p ./obj/
mkdir -p backup
chmod +x *.sh
g++ -std=c++11 -std=c++11 -Iinclude/ -I3rdparty/stb/include -DOPENCV `pkg-config --cflags opencv4 2> /dev/null || pkg-config --cflags opencv` -DGPU -I/usr/local/cuda/include/ -DCUDNN -Wall -Wfatal-errors -Wno-unused-result -Wno-unknown-pragmas -fPIC -Ofast -DOPENCV -DGPU -DCUDNN -I/usr/local/cudnn/include -c ./src/image_opencv.cpp -o obj/image_opencv.o
./src/image_opencv.cpp: In function ‘void draw_detections_cv_v3(void**, detection*, int, float, char**, image**, int, int)’:
./src/image_opencv.cpp:910:23: warning: variable ‘rgb’ set but not used [-Wunused-but-set-variable]
                 float rgb[3];
                       ^~~
./src/image_opencv.cpp: In function ‘void cv_draw_object(image, float*, int, int, int*, float*, int*, int, char**)’:
./src/image_opencv.cpp:1391:14: warning: unused variable ‘buff’ [-Wunused-variable]
         char buff[100];
              ^~~~
./src/image_opencv.cpp:1367:9: warning: unused variable ‘it_tb_res’ [-Wunused-variable]
     int it_tb_res = cv::createTrackbar(it_trackbar_name, window_name, &it_trackbar_value, 1000);
         ^~~~~~~~~
./src/image_opencv.cpp:1371:9: warning: unused variable ‘lr_tb_res’ [-Wunused-variable]
     int lr_tb_res = cv::createTrackbar(lr_trackbar_name, window_name, &lr_trackbar_value, 20);
         ^~~~~~~~~
./src/image_opencv.cpp:1375:9: warning: unused variable ‘cl_tb_res’ [-Wunused-variable]
     int cl_tb_res = cv::createTrackbar(cl_trackbar_name, window_name, &cl_trackbar_value, classes-1);
         ^~~~~~~~~
./src/image_opencv.cpp:1378:9: warning: unused variable ‘bo_tb_res’ [-Wunused-variable]
     int bo_tb_res = cv::createTrackbar(bo_trackbar_name, window_name, boxonly, 1);
         ^~~~~~~~~
g++ -std=c++11 -std=c++11 -Iinclude/ -I3rdparty/stb/include -DOPENCV `pkg-config --cflags opencv4 2> /dev/null || pkg-config --cflags opencv` -DGPU -I/usr/local/cuda/include/ -DCUDNN -Wall -Wfatal-errors -Wno-unused-result -Wno-unknown-pragmas -fPIC -Ofast -DOPENCV -DGPU -DCUDNN -I/usr/local/cudnn/include -c ./src/http_stream.cpp -o obj/http_stream.o
In file included from ./src/http_stream.cpp:580:0:
./src/httplib.h:129:0: warning: "INVALID_SOCKET" redefined
 #define INVALID_SOCKET (-1)
 
./src/http_stream.cpp:73:0: note: this is the location of the previous definition
 #define INVALID_SOCKET -1
 
./src/http_stream.cpp: In member function ‘bool JSON_sender::write(const char*)’:
./src/http_stream.cpp:249:21: warning: unused variable ‘n’ [-Wunused-variable]
                 int n = _write(client, outputbuf, outlen);
                     ^
./src/http_stream.cpp: In member function ‘bool MJPG_sender::write(const cv::Mat&)’:
./src/http_stream.cpp:507:113: warning: format ‘%zu’ expects argument of type ‘size_t’, but argument 3 has type ‘int’ [-Wformat=]
 pegstream\r\nContent-Type: image/jpeg\r\nContent-Length: %zu\r\n\r\n", outlen);
                                                                              ^
gcc -Iinclude/ -I3rdparty/stb/include -DOPENCV `pkg-config --cflags opencv4 2> /dev/null || pkg-config --cflags opencv` -DGPU -I/usr/local/cuda/include/ -DCUDNN -Wall -Wfatal-errors -Wno-unused-result -Wno-unknown-pragmas -fPIC -Ofast -DOPENCV -DGPU -DCUDNN -I/usr/local/cudnn/include -c ./src/gemm.c -o obj/gemm.o
./src/gemm.c: In function ‘convolution_2d’:
./src/gemm.c:2038:15: warning: unused variable ‘out_w’ [-Wunused-variable]
     const int out_w = (w + 2 * pad - ksize) / stride + 1;    // output_width=input_width for stride=1 and pad=1
               ^~~~~
./src/gemm.c:2037:15: warning: unused variable ‘out_h’ [-Wunused-variable]
     const int out_h = (h + 2 * pad - ksize) / stride + 1;    // output_height=input_height for stride=1 and pad=1
               ^~~~~
gcc -Iinclude/ -I3rdparty/stb/include -DOPENCV `pkg-config --cflags opencv4 2> /dev/null || pkg-config --cflags opencv` -DGPU -I/usr/local/cuda/include/ -DCUDNN -Wall -Wfatal-errors -Wno-unused-result -Wno-unknown-pragmas -fPIC -Ofast -DOPENCV -DGPU -DCUDNN -I/usr/local/cudnn/include -c ./src/utils.c -o obj/utils.o
gcc -Iinclude/ -I3rdparty/stb/include -DOPENCV `pkg-config --cflags opencv4 2> /dev/null || pkg-config --cflags opencv` -DGPU -I/usr/local/cuda/include/ -DCUDNN -Wall -Wfatal-errors -Wno-unused-result -Wno-unknown-pragmas -fPIC -Ofast -DOPENCV -DGPU -DCUDNN -I/usr/local/cudnn/include -c ./src/dark_cuda.c -o obj/dark_cuda.o
./src/dark_cuda.c: In function ‘cudnn_check_error_extended’:
./src/dark_cuda.c:224:20: warning: comparison between ‘cudaError_t {aka enum cudaError}’ and ‘enum <anonymous>’ [-Wenum-compare]
         if (status != CUDNN_STATUS_SUCCESS)
                    ^~
./src/dark_cuda.c: In function ‘pre_allocate_pinned_memory’:
./src/dark_cuda.c:276:40: warning: format ‘%u’ expects argument of type ‘unsigned int’, but argument 2 has type ‘long unsigned int’ [-Wformat=]
         printf("pre_allocate: size = %Iu MB, num_of_blocks = %Iu, block_size = %Iu MB \n",
                                      ~~^
                                      %Ilu
             size / (1024*1024), num_of_blocks, pinned_block_size / (1024 * 1024));
             ~~~~~~~~~~~~~~~~~~          
./src/dark_cuda.c:276:64: warning: format ‘%u’ expects argument of type ‘unsigned int’, but argument 3 has type ‘size_t {aka const long unsigned int}’ [-Wformat=]
         printf("pre_allocate: size = %Iu MB, num_of_blocks = %Iu, block_size = %Iu MB \n",
                                                              ~~^
                                                              %Ilu
./src/dark_cuda.c:276:82: warning: format ‘%u’ expects argument of type ‘unsigned int’, but argument 4 has type ‘long unsigned int’ [-Wformat=]
 ntf("pre_allocate: size = %Iu MB, num_of_blocks = %Iu, block_size = %Iu MB \n",
                                                                     ~~^
                                                                               %Ilu
./src/dark_cuda.c:286:37: warning: format ‘%d’ expects argument of type ‘int’, but argument 2 has type ‘size_t {aka const long unsigned int}’ [-Wformat=]
                 printf(" Allocated %d pinned block \n", pinned_block_size);
                                    ~^
                                    %ld
./src/dark_cuda.c: In function ‘cuda_make_array_pinned_preallocated’:
./src/dark_cuda.c:307:43: warning: format ‘%d’ expects argument of type ‘int’, but argument 2 has type ‘size_t {aka long unsigned int}’ [-Wformat=]
             printf("\n Pinned block_id = %d, filled = %f %% \n", pinned_block_id, filled);
                                          ~^
                                          %ld
./src/dark_cuda.c:322:64: warning: format ‘%d’ expects argument of type ‘int’, but argument 2 has type ‘long unsigned int’ [-Wformat=]
             printf("Try to allocate new pinned memory, size = %d MB \n", size / (1024 * 1024));
                                                               ~^         ~~~~~~~~~~~~~~~~~~~~
                                                               %ld
./src/dark_cuda.c:328:63: warning: format ‘%d’ expects argument of type ‘int’, but argument 2 has type ‘long unsigned int’ [-Wformat=]
             printf("Try to allocate new pinned BLOCK, size = %d MB \n", size / (1024 * 1024));
                                                              ~^         ~~~~~~~~~~~~~~~~~~~~
                                                              %ld
gcc -Iinclude/ -I3rdparty/stb/include -DOPENCV `pkg-config --cflags opencv4 2> /dev/null || pkg-config --cflags opencv` -DGPU -I/usr/local/cuda/include/ -DCUDNN -Wall -Wfatal-errors -Wno-unused-result -Wno-unknown-pragmas -fPIC -Ofast -DOPENCV -DGPU -DCUDNN -I/usr/local/cudnn/include -c ./src/convolutional_layer.c -o obj/convolutional_layer.o
./src/convolutional_layer.c: In function ‘forward_convolutional_layer’:
./src/convolutional_layer.c:1204:32: warning: unused variable ‘t_intput_size’ [-Wunused-variable]
                         size_t t_intput_size = binary_transpose_align_input(k, n, state.workspace, &l.t_bit_input, ldb_align, l.bit_align);
                                ^~~~~~~~~~~~~
gcc -Iinclude/ -I3rdparty/stb/include -DOPENCV `pkg-config --cflags opencv4 2> /dev/null || pkg-config --cflags opencv` -DGPU -I/usr/local/cuda/include/ -DCUDNN -Wall -Wfatal-errors -Wno-unused-result -Wno-unknown-pragmas -fPIC -Ofast -DOPENCV -DGPU -DCUDNN -I/usr/local/cudnn/include -c ./src/list.c -o obj/list.o
gcc -Iinclude/ -I3rdparty/stb/include -DOPENCV `pkg-config --cflags opencv4 2> /dev/null || pkg-config --cflags opencv` -DGPU -I/usr/local/cuda/include/ -DCUDNN -Wall -Wfatal-errors -Wno-unused-result -Wno-unknown-pragmas -fPIC -Ofast -DOPENCV -DGPU -DCUDNN -I/usr/local/cudnn/include -c ./src/image.c -o obj/image.o
gcc -Iinclude/ -I3rdparty/stb/include -DOPENCV `pkg-config --cflags opencv4 2> /dev/null || pkg-config --cflags opencv` -DGPU -I/usr/local/cuda/include/ -DCUDNN -Wall -Wfatal-errors -Wno-unused-result -Wno-unknown-pragmas -fPIC -Ofast -DOPENCV -DGPU -DCUDNN -I/usr/local/cudnn/include -c ./src/activations.c -o obj/activations.o
./src/activations.c: In function ‘activate’:
./src/activations.c:77:5: warning: enumeration value ‘RELU6’ not handled in switch [-Wswitch]
     switch(a){
     ^~~~~~
./src/activations.c:77:5: warning: enumeration value ‘SWISH’ not handled in switch [-Wswitch]
./src/activations.c:77:5: warning: enumeration value ‘MISH’ not handled in switch [-Wswitch]
./src/activations.c:77:5: warning: enumeration value ‘NORM_CHAN’ not handled in switch [-Wswitch]
./src/activations.c:77:5: warning: enumeration value ‘NORM_CHAN_SOFTMAX’ not handled in switch [-Wswitch]
./src/activations.c:77:5: warning: enumeration value ‘NORM_CHAN_SOFTMAX_MAXVAL’ not handled in switch [-Wswitch]
./src/activations.c: In function ‘gradient’:
./src/activations.c:287:5: warning: enumeration value ‘SWISH’ not handled in switch [-Wswitch]
     switch(a){
     ^~~~~~
./src/activations.c:287:5: warning: enumeration value ‘MISH’ not handled in switch [-Wswitch]
gcc -Iinclude/ -I3rdparty/stb/include -DOPENCV `pkg-config --cflags opencv4 2> /dev/null || pkg-config --cflags opencv` -DGPU -I/usr/local/cuda/include/ -DCUDNN -Wall -Wfatal-errors -Wno-unused-result -Wno-unknown-pragmas -fPIC -Ofast -DOPENCV -DGPU -DCUDNN -I/usr/local/cudnn/include -c ./src/im2col.c -o obj/im2col.o
gcc -Iinclude/ -I3rdparty/stb/include -DOPENCV `pkg-config --cflags opencv4 2> /dev/null || pkg-config --cflags opencv` -DGPU -I/usr/local/cuda/include/ -DCUDNN -Wall -Wfatal-errors -Wno-unused-result -Wno-unknown-pragmas -fPIC -Ofast -DOPENCV -DGPU -DCUDNN -I/usr/local/cudnn/include -c ./src/col2im.c -o obj/col2im.o
gcc -Iinclude/ -I3rdparty/stb/include -DOPENCV `pkg-config --cflags opencv4 2> /dev/null || pkg-config --cflags opencv` -DGPU -I/usr/local/cuda/include/ -DCUDNN -Wall -Wfatal-errors -Wno-unused-result -Wno-unknown-pragmas -fPIC -Ofast -DOPENCV -DGPU -DCUDNN -I/usr/local/cudnn/include -c ./src/blas.c -o obj/blas.o
./src/blas.c: In function ‘backward_shortcut_multilayer_cpu’:
./src/blas.c:207:21: warning: unused variable ‘out_index’ [-Wunused-variable]
                 int out_index = id;
                     ^~~~~~~~~
gcc -Iinclude/ -I3rdparty/stb/include -DOPENCV `pkg-config --cflags opencv4 2> /dev/null || pkg-config --cflags opencv` -DGPU -I/usr/local/cuda/include/ -DCUDNN -Wall -Wfatal-errors -Wno-unused-result -Wno-unknown-pragmas -fPIC -Ofast -DOPENCV -DGPU -DCUDNN -I/usr/local/cudnn/include -c ./src/crop_layer.c -o obj/crop_layer.o
gcc -Iinclude/ -I3rdparty/stb/include -DOPENCV `pkg-config --cflags opencv4 2> /dev/null || pkg-config --cflags opencv` -DGPU -I/usr/local/cuda/include/ -DCUDNN -Wall -Wfatal-errors -Wno-unused-result -Wno-unknown-pragmas -fPIC -Ofast -DOPENCV -DGPU -DCUDNN -I/usr/local/cudnn/include -c ./src/dropout_layer.c -o obj/dropout_layer.o
gcc -Iinclude/ -I3rdparty/stb/include -DOPENCV `pkg-config --cflags opencv4 2> /dev/null || pkg-config --cflags opencv` -DGPU -I/usr/local/cuda/include/ -DCUDNN -Wall -Wfatal-errors -Wno-unused-result -Wno-unknown-pragmas -fPIC -Ofast -DOPENCV -DGPU -DCUDNN -I/usr/local/cudnn/include -c ./src/maxpool_layer.c -o obj/maxpool_layer.o
gcc -Iinclude/ -I3rdparty/stb/include -DOPENCV `pkg-config --cflags opencv4 2> /dev/null || pkg-config --cflags opencv` -DGPU -I/usr/local/cuda/include/ -DCUDNN -Wall -Wfatal-errors -Wno-unused-result -Wno-unknown-pragmas -fPIC -Ofast -DOPENCV -DGPU -DCUDNN -I/usr/local/cudnn/include -c ./src/softmax_layer.c -o obj/softmax_layer.o
gcc -Iinclude/ -I3rdparty/stb/include -DOPENCV `pkg-config --cflags opencv4 2> /dev/null || pkg-config --cflags opencv` -DGPU -I/usr/local/cuda/include/ -DCUDNN -Wall -Wfatal-errors -Wno-unused-result -Wno-unknown-pragmas -fPIC -Ofast -DOPENCV -DGPU -DCUDNN -I/usr/local/cudnn/include -c ./src/data.c -o obj/data.o
./src/data.c: In function ‘load_data_detection’:
./src/data.c:1243:24: warning: unused variable ‘x’ [-Wunused-variable]
                 int k, x, y;
                        ^
./src/data.c:1044:43: warning: variable ‘r_scale’ set but not used [-Wunused-but-set-variable]
     float r1 = 0, r2 = 0, r3 = 0, r4 = 0, r_scale = 0;
                                           ^~~~~~~
gcc -Iinclude/ -I3rdparty/stb/include -DOPENCV `pkg-config --cflags opencv4 2> /dev/null || pkg-config --cflags opencv` -DGPU -I/usr/local/cuda/include/ -DCUDNN -Wall -Wfatal-errors -Wno-unused-result -Wno-unknown-pragmas -fPIC -Ofast -DOPENCV -DGPU -DCUDNN -I/usr/local/cudnn/include -c ./src/matrix.c -o obj/matrix.o
gcc -Iinclude/ -I3rdparty/stb/include -DOPENCV `pkg-config --cflags opencv4 2> /dev/null || pkg-config --cflags opencv` -DGPU -I/usr/local/cuda/include/ -DCUDNN -Wall -Wfatal-errors -Wno-unused-result -Wno-unknown-pragmas -fPIC -Ofast -DOPENCV -DGPU -DCUDNN -I/usr/local/cudnn/include -c ./src/network.c -o obj/network.o
./src/network.c: In function ‘resize_network’:
./src/network.c:610:42: warning: passing argument 1 of ‘cudaHostAlloc’ from incompatible pointer type [-Wincompatible-pointer-types]
         if (cudaSuccess == cudaHostAlloc(&net->input_pinned_cpu, size * sizeof(float), cudaHostRegisterMapped))
                                          ^
In file included from /usr/local/cuda/include/cuda_runtime.h:96:0,
                 from include/darknet.h:41,
                 from ./src/network.c:1:
/usr/local/cuda/include/cuda_runtime_api.h:4424:39: note: expected ‘void **’ but argument is of type ‘float **’
 extern __host__ cudaError_t CUDARTAPI cudaHostAlloc(void **pHost, size_t size, unsigned int flags);
                                       ^~~~~~~~~~~~~
gcc -Iinclude/ -I3rdparty/stb/include -DOPENCV `pkg-config --cflags opencv4 2> /dev/null || pkg-config --cflags opencv` -DGPU -I/usr/local/cuda/include/ -DCUDNN -Wall -Wfatal-errors -Wno-unused-result -Wno-unknown-pragmas -fPIC -Ofast -DOPENCV -DGPU -DCUDNN -I/usr/local/cudnn/include -c ./src/connected_layer.c -o obj/connected_layer.o
./src/connected_layer.c: In function ‘forward_connected_layer_gpu’:
./src/connected_layer.c:346:11: warning: unused variable ‘one’ [-Wunused-variable]
     float one = 1;    // alpha[0], beta[0]
           ^~~
./src/connected_layer.c:344:13: warning: unused variable ‘c’ [-Wunused-variable]
     float * c = l.output_gpu;
             ^
./src/connected_layer.c:343:13: warning: unused variable ‘b’ [-Wunused-variable]
     float * b = l.weights_gpu;
             ^
./src/connected_layer.c:342:13: warning: unused variable ‘a’ [-Wunused-variable]
     float * a = state.input;
             ^
./src/connected_layer.c:341:9: warning: unused variable ‘n’ [-Wunused-variable]
     int n = l.outputs;
         ^
./src/connected_layer.c:340:9: warning: unused variable ‘k’ [-Wunused-variable]
     int k = l.inputs;
         ^
./src/connected_layer.c:339:9: warning: unused variable ‘m’ [-Wunused-variable]
     int m = l.batch;
         ^
gcc -Iinclude/ -I3rdparty/stb/include -DOPENCV `pkg-config --cflags opencv4 2> /dev/null || pkg-config --cflags opencv` -DGPU -I/usr/local/cuda/include/ -DCUDNN -Wall -Wfatal-errors -Wno-unused-result -Wno-unknown-pragmas -fPIC -Ofast -DOPENCV -DGPU -DCUDNN -I/usr/local/cudnn/include -c ./src/cost_layer.c -o obj/cost_layer.o
gcc -Iinclude/ -I3rdparty/stb/include -DOPENCV `pkg-config --cflags opencv4 2> /dev/null || pkg-config --cflags opencv` -DGPU -I/usr/local/cuda/include/ -DCUDNN -Wall -Wfatal-errors -Wno-unused-result -Wno-unknown-pragmas -fPIC -Ofast -DOPENCV -DGPU -DCUDNN -I/usr/local/cudnn/include -c ./src/parser.c -o obj/parser.o
./src/parser.c: In function ‘parse_network_cfg_custom’:
./src/parser.c:1591:42: warning: passing argument 1 of ‘cudaHostAlloc’ from incompatible pointer type [-Wincompatible-pointer-types]
         if (cudaSuccess == cudaHostAlloc(&net.input_pinned_cpu, size * sizeof(float), cudaHostRegisterMapped)) net.input_pinned_cpu_flag = 1;
                                          ^
In file included from /usr/local/cuda/include/cuda_runtime.h:96:0,
                 from include/darknet.h:41,
                 from ./src/activations.h:3,
                 from ./src/activation_layer.h:4,
                 from ./src/parser.c:6:
/usr/local/cuda/include/cuda_runtime_api.h:4424:39: note: expected ‘void **’ but argument is of type ‘float **’
 extern __host__ cudaError_t CUDARTAPI cudaHostAlloc(void **pHost, size_t size, unsigned int flags);
                                       ^~~~~~~~~~~~~
gcc -Iinclude/ -I3rdparty/stb/include -DOPENCV `pkg-config --cflags opencv4 2> /dev/null || pkg-config --cflags opencv` -DGPU -I/usr/local/cuda/include/ -DCUDNN -Wall -Wfatal-errors -Wno-unused-result -Wno-unknown-pragmas -fPIC -Ofast -DOPENCV -DGPU -DCUDNN -I/usr/local/cudnn/include -c ./src/option_list.c -o obj/option_list.o
gcc -Iinclude/ -I3rdparty/stb/include -DOPENCV `pkg-config --cflags opencv4 2> /dev/null || pkg-config --cflags opencv` -DGPU -I/usr/local/cuda/include/ -DCUDNN -Wall -Wfatal-errors -Wno-unused-result -Wno-unknown-pragmas -fPIC -Ofast -DOPENCV -DGPU -DCUDNN -I/usr/local/cudnn/include -c ./src/darknet.c -o obj/darknet.o
gcc -Iinclude/ -I3rdparty/stb/include -DOPENCV `pkg-config --cflags opencv4 2> /dev/null || pkg-config --cflags opencv` -DGPU -I/usr/local/cuda/include/ -DCUDNN -Wall -Wfatal-errors -Wno-unused-result -Wno-unknown-pragmas -fPIC -Ofast -DOPENCV -DGPU -DCUDNN -I/usr/local/cudnn/include -c ./src/detection_layer.c -o obj/detection_layer.o
gcc -Iinclude/ -I3rdparty/stb/include -DOPENCV `pkg-config --cflags opencv4 2> /dev/null || pkg-config --cflags opencv` -DGPU -I/usr/local/cuda/include/ -DCUDNN -Wall -Wfatal-errors -Wno-unused-result -Wno-unknown-pragmas -fPIC -Ofast -DOPENCV -DGPU -DCUDNN -I/usr/local/cudnn/include -c ./src/captcha.c -o obj/captcha.o
gcc -Iinclude/ -I3rdparty/stb/include -DOPENCV `pkg-config --cflags opencv4 2> /dev/null || pkg-config --cflags opencv` -DGPU -I/usr/local/cuda/include/ -DCUDNN -Wall -Wfatal-errors -Wno-unused-result -Wno-unknown-pragmas -fPIC -Ofast -DOPENCV -DGPU -DCUDNN -I/usr/local/cudnn/include -c ./src/route_layer.c -o obj/route_layer.o
gcc -Iinclude/ -I3rdparty/stb/include -DOPENCV `pkg-config --cflags opencv4 2> /dev/null || pkg-config --cflags opencv` -DGPU -I/usr/local/cuda/include/ -DCUDNN -Wall -Wfatal-errors -Wno-unused-result -Wno-unknown-pragmas -fPIC -Ofast -DOPENCV -DGPU -DCUDNN -I/usr/local/cudnn/include -c ./src/writing.c -o obj/writing.o
gcc -Iinclude/ -I3rdparty/stb/include -DOPENCV `pkg-config --cflags opencv4 2> /dev/null || pkg-config --cflags opencv` -DGPU -I/usr/local/cuda/include/ -DCUDNN -Wall -Wfatal-errors -Wno-unused-result -Wno-unknown-pragmas -fPIC -Ofast -DOPENCV -DGPU -DCUDNN -I/usr/local/cudnn/include -c ./src/box.c -o obj/box.o
./src/box.c: In function ‘box_iou_kind’:
./src/box.c:154:5: warning: enumeration value ‘MSE’ not handled in switch [-Wswitch]
     switch(iou_kind) {
     ^~~~~~
./src/box.c: In function ‘diounms_sort’:
./src/box.c:898:27: warning: unused variable ‘beta_prob’ [-Wunused-variable]
                     float beta_prob = pow(dets[j].prob[k], 2) / sum_prob;
                           ^~~~~~~~~
./src/box.c:897:27: warning: unused variable ‘alpha_prob’ [-Wunused-variable]
                     float alpha_prob = pow(dets[i].prob[k], 2) / sum_prob;
                           ^~~~~~~~~~
gcc -Iinclude/ -I3rdparty/stb/include -DOPENCV `pkg-config --cflags opencv4 2> /dev/null || pkg-config --cflags opencv` -DGPU -I/usr/local/cuda/include/ -DCUDNN -Wall -Wfatal-errors -Wno-unused-result -Wno-unknown-pragmas -fPIC -Ofast -DOPENCV -DGPU -DCUDNN -I/usr/local/cudnn/include -c ./src/nightmare.c -o obj/nightmare.o
gcc -Iinclude/ -I3rdparty/stb/include -DOPENCV `pkg-config --cflags opencv4 2> /dev/null || pkg-config --cflags opencv` -DGPU -I/usr/local/cuda/include/ -DCUDNN -Wall -Wfatal-errors -Wno-unused-result -Wno-unknown-pragmas -fPIC -Ofast -DOPENCV -DGPU -DCUDNN -I/usr/local/cudnn/include -c ./src/normalization_layer.c -o obj/normalization_layer.o
gcc -Iinclude/ -I3rdparty/stb/include -DOPENCV `pkg-config --cflags opencv4 2> /dev/null || pkg-config --cflags opencv` -DGPU -I/usr/local/cuda/include/ -DCUDNN -Wall -Wfatal-errors -Wno-unused-result -Wno-unknown-pragmas -fPIC -Ofast -DOPENCV -DGPU -DCUDNN -I/usr/local/cudnn/include -c ./src/avgpool_layer.c -o obj/avgpool_layer.o
gcc -Iinclude/ -I3rdparty/stb/include -DOPENCV `pkg-config --cflags opencv4 2> /dev/null || pkg-config --cflags opencv` -DGPU -I/usr/local/cuda/include/ -DCUDNN -Wall -Wfatal-errors -Wno-unused-result -Wno-unknown-pragmas -fPIC -Ofast -DOPENCV -DGPU -DCUDNN -I/usr/local/cudnn/include -c ./src/coco.c -o obj/coco.o
./src/coco.c: In function ‘validate_coco_recall’:
./src/coco.c:248:11: warning: unused variable ‘base’ [-Wunused-variable]
     char *base = "results/comp4_det_test_";
           ^~~~
gcc -Iinclude/ -I3rdparty/stb/include -DOPENCV `pkg-config --cflags opencv4 2> /dev/null || pkg-config --cflags opencv` -DGPU -I/usr/local/cuda/include/ -DCUDNN -Wall -Wfatal-errors -Wno-unused-result -Wno-unknown-pragmas -fPIC -Ofast -DOPENCV -DGPU -DCUDNN -I/usr/local/cudnn/include -c ./src/dice.c -o obj/dice.o
gcc -Iinclude/ -I3rdparty/stb/include -DOPENCV `pkg-config --cflags opencv4 2> /dev/null || pkg-config --cflags opencv` -DGPU -I/usr/local/cuda/include/ -DCUDNN -Wall -Wfatal-errors -Wno-unused-result -Wno-unknown-pragmas -fPIC -Ofast -DOPENCV -DGPU -DCUDNN -I/usr/local/cudnn/include -c ./src/yolo.c -o obj/yolo.o
gcc -Iinclude/ -I3rdparty/stb/include -DOPENCV `pkg-config --cflags opencv4 2> /dev/null || pkg-config --cflags opencv` -DGPU -I/usr/local/cuda/include/ -DCUDNN -Wall -Wfatal-errors -Wno-unused-result -Wno-unknown-pragmas -fPIC -Ofast -DOPENCV -DGPU -DCUDNN -I/usr/local/cudnn/include -c ./src/detector.c -o obj/detector.o
./src/detector.c: In function ‘print_cocos’:
./src/detector.c:455:29: warning: format not a string literal and no format arguments [-Wformat-security]
                 fprintf(fp, buff);
                             ^~~~
./src/detector.c: In function ‘eliminate_bdd’:
./src/detector.c:548:21: warning: statement with no effect [-Wunused-value]
                     for (k; buf[k + n] != '\0'; k++)
                     ^~~
./src/detector.c: In function ‘validate_detector’:
./src/detector.c:661:13: warning: unused variable ‘mkd2’ [-Wunused-variable]
         int mkd2 = make_directory(buff2, 0777);
             ^~~~
./src/detector.c:659:13: warning: unused variable ‘mkd’ [-Wunused-variable]
         int mkd = make_directory(buff, 0777);
             ^~~
./src/detector.c: In function ‘validate_detector_map’:
./src/detector.c:1280:15: warning: unused variable ‘class_recall’ [-Wunused-variable]
         float class_recall = (float)tp_for_thresh_per_class[i] / ((float)tp_for_thresh_per_class[i] + (float)(truth_classes_count[i] - tp_for_thresh_per_class[i]));
               ^~~~~~~~~~~~
./src/detector.c:1279:15: warning: unused variable ‘class_precision’ [-Wunused-variable]
         float class_precision = (float)tp_for_thresh_per_class[i] / ((float)tp_for_thresh_per_class[i] + (float)fp_for_thresh_per_class[i]);
               ^~~~~~~~~~~~~~~
./src/detector.c: In function ‘draw_object’:
./src/detector.c:1796:19: warning: unused variable ‘inv_loss’ [-Wunused-variabl]
             float inv_loss = 1.0 / max_val_cmp(0.01, avg_loss);
                   ^~~~~~~~
gcc -Iinclude/ -I3rdparty/stb/include -DOPENCV `pkg-config --cflags opencv4 2> /dev/null || pkg-config --cflags opencv` -DGPU -I/usr/local/cuda/include/ -DCUDNN -Wall -Wfatal-errors -Wno-unused-result -Wno-unknown-pragmas -fPIC -Ofast -DOPENCV -DGPU -DCUDNN -I/usr/local/cudnn/include -c ./src/layer.c -o obj/layer.o
./src/layer.c: In function ‘free_layer_custom’:
./src/layer.c:198:68: warning: suggest parentheses around ‘&&’ within ‘||’ [-Wparentheses]
     if (l.delta_gpu && (l.optimized_memory < 1 || l.keep_delta_gpu && l.optimized_memory < 3)) cuda_free(l.delta_gpu), l.delta_gpu = NULL;
                                                   ~~~~~~~~~~~~~~~~~^~~~~~~~~~~~~~~~~~~~~~~~~
gcc -Iinclude/ -I3rdparty/stb/include -DOPENCV `pkg-config --cflags opencv4 2> /dev/null || pkg-config --cflags opencv` -DGPU -I/usr/local/cuda/include/ -DCUDNN -Wall -Wfatal-errors -Wno-unused-result -Wno-unknown-pragmas -fPIC -Ofast -DOPENCV -DGPU -DCUDNN -I/usr/local/cudnn/include -c ./src/compare.c -o obj/compare.o
gcc -Iinclude/ -I3rdparty/stb/include -DOPENCV `pkg-config --cflags opencv4 2> /dev/null || pkg-config --cflags opencv` -DGPU -I/usr/local/cuda/include/ -DCUDNN -Wall -Wfatal-errors -Wno-unused-result -Wno-unknown-pragmas -fPIC -Ofast -DOPENCV -DGPU -DCUDNN -I/usr/local/cudnn/include -c ./src/classifier.c -o obj/classifier.o
./src/classifier.c: In function ‘train_classifier’:
./src/classifier.c:138:9: warning: unused variable ‘count’ [-Wunused-variable]
     int count = 0;
         ^~~~~
./src/classifier.c: In function ‘predict_classifier’:
./src/classifier.c:831:13: warning: unused variable ‘time’ [-Wunused-variable]
     clock_t time;
             ^~~~
./src/classifier.c: In function ‘demo_classifier’:
./src/classifier.c:1261:49: warning: unused variable ‘tval_result’ [-Wunused-variable]
         struct timeval tval_before, tval_after, tval_result;
                                                 ^~~~~~~~~~~
./src/classifier.c:1261:37: warning: unused variable ‘tval_after’ [-Wunused-variable]
         struct timeval tval_before, tval_after, tval_result;
                                     ^~~~~~~~~~
gcc -Iinclude/ -I3rdparty/stb/include -DOPENCV `pkg-config --cflags opencv4 2> /dev/null || pkg-config --cflags opencv` -DGPU -I/usr/local/cuda/include/ -DCUDNN -Wall -Wfatal-errors -Wno-unused-result -Wno-unknown-pragmas -fPIC -Ofast -DOPENCV -DGPU -DCUDNN -I/usr/local/cudnn/include -c ./src/local_layer.c -o obj/local_layer.o
gcc -Iinclude/ -I3rdparty/stb/include -DOPENCV `pkg-config --cflags opencv4 2> /dev/null || pkg-config --cflags opencv` -DGPU -I/usr/local/cuda/include/ -DCUDNN -Wall -Wfatal-errors -Wno-unused-result -Wno-unknown-pragmas -fPIC -Ofast -DOPENCV -DGPU -DCUDNN -I/usr/local/cudnn/include -c ./src/swag.c -o obj/swag.o
gcc -Iinclude/ -I3rdparty/stb/include -DOPENCV `pkg-config --cflags opencv4 2> /dev/null || pkg-config --cflags opencv` -DGPU -I/usr/local/cuda/include/ -DCUDNN -Wall -Wfatal-errors -Wno-unused-result -Wno-unknown-pragmas -fPIC -Ofast -DOPENCV -DGPU -DCUDNN -I/usr/local/cudnn/include -c ./src/shortcut_layer.c -o obj/shortcut_layer.o
./src/shortcut_layer.c: In function ‘make_shortcut_layer’:
./src/shortcut_layer.c:55:15: warning: unused variable ‘scale’ [-Wunused-variable]
         float scale = sqrt(2. / l.nweights);
               ^~~~~
gcc -Iinclude/ -I3rdparty/stb/include -DOPENCV `pkg-config --cflags opencv4 2> /dev/null || pkg-config --cflags opencv` -DGPU -I/usr/local/cuda/include/ -DCUDNN -Wall -Wfatal-errors -Wno-unused-result -Wno-unknown-pragmas -fPIC -Ofast -DOPENCV -DGPU -DCUDNN -I/usr/local/cudnn/include -c ./src/activation_layer.c -o obj/activation_layer.o
gcc -Iinclude/ -I3rdparty/stb/include -DOPENCV `pkg-config --cflags opencv4 2> /dev/null || pkg-config --cflags opencv` -DGPU -I/usr/local/cuda/include/ -DCUDNN -Wall -Wfatal-errors -Wno-unused-result -Wno-unknown-pragmas -fPIC -Ofast -DOPENCV -DGPU -DCUDNN -I/usr/local/cudnn/include -c ./src/rnn_layer.c -o obj/rnn_layer.o
gcc -Iinclude/ -I3rdparty/stb/include -DOPENCV `pkg-config --cflags opencv4 2> /dev/null || pkg-config --cflags opencv` -DGPU -I/usr/local/cuda/include/ -DCUDNN -Wall -Wfatal-errors -Wno-unused-result -Wno-unknown-pragmas -fPIC -Ofast -DOPENCV -DGPU -DCUDNN -I/usr/local/cudnn/include -c ./src/gru_layer.c -o obj/gru_layer.o
gcc -Iinclude/ -I3rdparty/stb/include -DOPENCV `pkg-config --cflags opencv4 2> /dev/null || pkg-config --cflags opencv` -DGPU -I/usr/local/cuda/include/ -DCUDNN -Wall -Wfatal-errors -Wno-unused-result -Wno-unknown-pragmas -fPIC -Ofast -DOPENCV -DGPU -DCUDNN -I/usr/local/cudnn/include -c ./src/rnn.c -o obj/rnn.o
gcc -Iinclude/ -I3rdparty/stb/include -DOPENCV `pkg-config --cflags opencv4 2> /dev/null || pkg-config --cflags opencv` -DGPU -I/usr/local/cuda/include/ -DCUDNN -Wall -Wfatal-errors -Wno-unused-result -Wno-unknown-pragmas -fPIC -Ofast -DOPENCV -DGPU -DCUDNN -I/usr/local/cudnn/include -c ./src/rnn_vid.c -o obj/rnn_vid.o
gcc -Iinclude/ -I3rdparty/stb/include -DOPENCV `pkg-config --cflags opencv4 2> /dev/null || pkg-config --cflags opencv` -DGPU -I/usr/local/cuda/include/ -DCUDNN -Wall -Wfatal-errors -Wno-unused-result -Wno-unknown-pragmas -fPIC -Ofast -DOPENCV -DGPU -DCUDNN -I/usr/local/cudnn/include -c ./src/crnn_layer.c -o obj/crnn_layer.o
gcc -Iinclude/ -I3rdparty/stb/include -DOPENCV `pkg-config --cflags opencv4 2> /dev/null || pkg-config --cflags opencv` -DGPU -I/usr/local/cuda/include/ -DCUDNN -Wall -Wfatal-errors -Wno-unused-result -Wno-unknown-pragmas -fPIC -Ofast -DOPENCV -DGPU -DCUDNN -I/usr/local/cudnn/include -c ./src/demo.c -o obj/demo.o
./src/demo.c: In function ‘detect_in_thread’:
./src/demo.c:100:16: warning: unused variable ‘prediction’ [-Wunused-variable]
         float *prediction = network_predict(net, X);
                ^~~~~~~~~~
./src/demo.c:98:15: warning: unused variable ‘l’ [-Wunused-variable]
         layer l = net.layers[net.n - 1];
               ^
gcc -Iinclude/ -I3rdparty/stb/include -DOPENCV `pkg-config --cflags opencv4 2> /dev/null || pkg-config --cflags opencv` -DGPU -I/usr/local/cuda/include/ -DCUDNN -Wall -Wfatal-errors -Wno-unused-result -Wno-unknown-pragmas -fPIC -Ofast -DOPENCV -DGPU -DCUDNN -I/usr/local/cudnn/include -c ./src/tag.c -o obj/tag.o
gcc -Iinclude/ -I3rdparty/stb/include -DOPENCV `pkg-config --cflags opencv4 2> /dev/null || pkg-config --cflags opencv` -DGPU -I/usr/local/cuda/include/ -DCUDNN -Wall -Wfatal-errors -Wno-unused-result -Wno-unknown-pragmas -fPIC -Ofast -DOPENCV -DGPU -DCUDNN -I/usr/local/cudnn/include -c ./src/cifar.c -o obj/cifar.o
gcc -Iinclude/ -I3rdparty/stb/include -DOPENCV `pkg-config --cflags opencv4 2> /dev/null || pkg-config --cflags opencv` -DGPU -I/usr/local/cuda/include/ -DCUDNN -Wall -Wfatal-errors -Wno-unused-result -Wno-unknown-pragmas -fPIC -Ofast -DOPENCV -DGPU -DCUDNN -I/usr/local/cudnn/include -c ./src/go.c -o obj/go.o
gcc -Iinclude/ -I3rdparty/stb/include -DOPENCV `pkg-config --cflags opencv4 2> /dev/null || pkg-config --cflags opencv` -DGPU -I/usr/local/cuda/include/ -DCUDNN -Wall -Wfatal-errors -Wno-unused-result -Wno-unknown-pragmas -fPIC -Ofast -DOPENCV -DGPU -DCUDNN -I/usr/local/cudnn/include -c ./src/batchnorm_layer.c -o obj/batchnorm_layer.o
gcc -Iinclude/ -I3rdparty/stb/include -DOPENCV `pkg-config --cflags opencv4 2> /dev/null || pkg-config --cflags opencv` -DGPU -I/usr/local/cuda/include/ -DCUDNN -Wall -Wfatal-errors -Wno-unused-result -Wno-unknown-pragmas -fPIC -Ofast -DOPENCV -DGPU -DCUDNN -I/usr/local/cudnn/include -c ./src/art.c -o obj/art.o
gcc -Iinclude/ -I3rdparty/stb/include -DOPENCV `pkg-config --cflags opencv4 2> /dev/null || pkg-config --cflags opencv` -DGPU -I/usr/local/cuda/include/ -DCUDNN -Wall -Wfatal-errors -Wno-unused-result -Wno-unknown-pragmas -fPIC -Ofast -DOPENCV -DGPU -DCUDNN -I/usr/local/cudnn/include -c ./src/region_layer.c -o obj/region_layer.o
./src/region_layer.c: In function ‘resize_region_layer’:
./src/region_layer.c:58:9: warning: unused variable ‘old_h’ [-Wunused-variable]
     int old_h = l->h;
         ^~~~~
./src/region_layer.c:57:9: warning: unused variable ‘old_w’ [-Wunused-variable]
     int old_w = l->w;
         ^~~~~
gcc -Iinclude/ -I3rdparty/stb/include -DOPENCV `pkg-config --cflags opencv4 2> /dev/null || pkg-config --cflags opencv` -DGPU -I/usr/local/cuda/include/ -DCUDNN -Wall -Wfatal-errors -Wno-unused-result -Wno-unknown-pragmas -fPIC -Ofast -DOPENCV -DGPU -DCUDNN -I/usr/local/cudnn/include -c ./src/reorg_layer.c -o obj/reorg_layer.o
gcc -Iinclude/ -I3rdparty/stb/include -DOPENCV `pkg-config --cflags opencv4 2> /dev/null || pkg-config --cflags opencv` -DGPU -I/usr/local/cuda/include/ -DCUDNN -Wall -Wfatal-errors -Wno-unused-result -Wno-unknown-pragmas -fPIC -Ofast -DOPENCV -DGPU -DCUDNN -I/usr/local/cudnn/include -c ./src/reorg_old_layer.c -o obj/reorg_old_layer.o
gcc -Iinclude/ -I3rdparty/stb/include -DOPENCV `pkg-config --cflags opencv4 2> /dev/null || pkg-config --cflags opencv` -DGPU -I/usr/local/cuda/include/ -DCUDNN -Wall -Wfatal-errors -Wno-unused-result -Wno-unknown-pragmas -fPIC -Ofast -DOPENCV -DGPU -DCUDNN -I/usr/local/cudnn/include -c ./src/super.c -o obj/super.o
gcc -Iinclude/ -I3rdparty/stb/include -DOPENCV `pkg-config --cflags opencv4 2> /dev/null || pkg-config --cflags opencv` -DGPU -I/usr/local/cuda/include/ -DCUDNN -Wall -Wfatal-errors -Wno-unused-result -Wno-unknown-pragmas -fPIC -Ofast -DOPENCV -DGPU -DCUDNN -I/usr/local/cudnn/include -c ./src/voxel.c -o obj/voxel.o
gcc -Iinclude/ -I3rdparty/stb/include -DOPENCV `pkg-config --cflags opencv4 2> /dev/null || pkg-config --cflags opencv` -DGPU -I/usr/local/cuda/include/ -DCUDNN -Wall -Wfatal-errors -Wno-unused-result -Wno-unknown-pragmas -fPIC -Ofast -DOPENCV -DGPU -DCUDNN -I/usr/local/cudnn/include -c ./src/tree.c -o obj/tree.o
gcc -Iinclude/ -I3rdparty/stb/include -DOPENCV `pkg-config --cflags opencv4 2> /dev/null || pkg-config --cflags opencv` -DGPU -I/usr/local/cuda/include/ -DCUDNN -Wall -Wfatal-errors -Wno-unused-result -Wno-unknown-pragmas -fPIC -Ofast -DOPENCV -DGPU -DCUDNN -I/usr/local/cudnn/include -c ./src/yolo_layer.c -o obj/yolo_layer.o
./src/yolo_layer.c: In function ‘make_yolo_layer’:
./src/yolo_layer.c:62:38: warning: passing argument 1 of ‘cudaHostAlloc’ from incompatible pointer type [-Wincompatible-pointer-types]
     if (cudaSuccess == cudaHostAlloc(&l.output, batch*l.outputs*sizeof(float), cudaHostRegisterMapped)) l.output_pinned = 1;
                                      ^
In file included from /usr/local/cuda/include/cuda_runtime.h:96:0,
                 from include/darknet.h:41,
                 from ./src/activations.h:3,
                 from ./src/layer.h:4,
                 from ./src/yolo_layer.h:5,
                 from ./src/yolo_layer.c:1:
/usr/local/cuda/include/cuda_runtime_api.h:4424:39: note: expected ‘void **’ but argument is of type ‘float **’
 extern __host__ cudaError_t CUDARTAPI cudaHostAlloc(void **pHost, size_t size, unsigned int flags);
                                       ^~~~~~~~~~~~~
./src/yolo_layer.c:69:38: warning: passing argument 1 of ‘cudaHostAlloc’ from incompatible pointer type [-Wincompatible-pointer-types]
     if (cudaSuccess == cudaHostAlloc(&l.delta, batch*l.outputs*sizeof(float), cudaHostRegisterMapped)) l.delta_pinned = 1;
                                      ^
In file included from /usr/local/cuda/include/cuda_runtime.h:96:0,
                 from include/darknet.h:41,
                 from ./src/activations.h:3,
                 from ./src/layer.h:4,
                 from ./src/yolo_layer.h:5,
                 from ./src/yolo_layer.c:1:
/usr/local/cuda/include/cuda_runtime_api.h:4424:39: note: expected ‘void **’ but argument is of type ‘float **’
 extern __host__ cudaError_t CUDARTAPI cudaHostAlloc(void **pHost, size_t size, unsigned int flags);
                                       ^~~~~~~~~~~~~
./src/yolo_layer.c: In function ‘resize_yolo_layer’:
./src/yolo_layer.c:96:42: warning: passing argument 1 of ‘cudaHostAlloc’ from incompatible pointer type [-Wincompatible-pointer-types]
         if (cudaSuccess != cudaHostAlloc(&l->output, l->batch*l->outputs * sizeof(float), cudaHostRegisterMapped)) {
                                          ^
In file included from /usr/local/cuda/include/cuda_runtime.h:96:0,
                 from include/darknet.h:41,
                 from ./src/activations.h:3,
                 from ./src/layer.h:4,
                 from ./src/yolo_layer.h:5,
                 from ./src/yolo_layer.c:1:
/usr/local/cuda/include/cuda_runtime_api.h:4424:39: note: expected ‘void **’ but argument is of type ‘float **’
 extern __host__ cudaError_t CUDARTAPI cudaHostAlloc(void **pHost, size_t size, unsigned int flags);
                                       ^~~~~~~~~~~~~
./src/yolo_layer.c:105:42: warning: passing argument 1 of ‘cudaHostAlloc’ from incompatible pointer type [-Wincompatible-pointer-types]
         if (cudaSuccess != cudaHostAlloc(&l->delta, l->batch*l->outputs * sizeof(float), cudaHostRegisterMapped)) {
                                          ^
In file included from /usr/local/cuda/include/cuda_runtime.h:96:0,
                 from include/darknet.h:41,
                 from ./src/activations.h:3,
                 from ./src/layer.h:4,
                 from ./src/yolo_layer.h:5,
                 from ./src/yolo_layer.c:1:
/usr/local/cuda/include/cuda_runtime_api.h:4424:39: note: expected ‘void **’ but argument is of type ‘float **’
 extern __host__ cudaError_t CUDARTAPI cudaHostAlloc(void **pHost, size_t size, unsigned int flags);
                                       ^~~~~~~~~~~~~
gcc -Iinclude/ -I3rdparty/stb/include -DOPENCV `pkg-config --cflags opencv4 2> /dev/null || pkg-config --cflags opencv` -DGPU -I/usr/local/cuda/include/ -DCUDNN -Wall -Wfatal-errors -Wno-unused-result -Wno-unknown-pragmas -fPIC -Ofast -DOPENCV -DGPU -DCUDNN -I/usr/local/cudnn/include -c ./src/gaussian_yolo_layer.c -o obj/gaussian_yolo_layer.o
./src/gaussian_yolo_layer.c: In function ‘make_gaussian_yolo_layer’:
./src/gaussian_yolo_layer.c:71:38: warning: passing argument 1 of ‘cudaHostAllo’ from incompatible pointer type [-Wincompatible-pointer-types]
     if (cudaSuccess == cudaHostAlloc(&l.output, batch*l.outputs * sizeof(float), cudaHostRegisterMapped)) l.output_pinned = 1;
                                      ^
In file included from /usr/local/cuda/include/cuda_runtime.h:96:0,
                 from include/darknet.h:41,
                 from ./src/gaussian_yolo_layer.h:5,
                 from ./src/gaussian_yolo_layer.c:7:
/usr/local/cuda/include/cuda_runtime_api.h:4424:39: note: expected ‘void **’ but argument is of type ‘float **’
 extern __host__ cudaError_t CUDARTAPI cudaHostAlloc(void **pHost, size_t size, unsigned int flags);
                                       ^~~~~~~~~~~~~
./src/gaussian_yolo_layer.c:78:38: warning: passing argument 1 of ‘cudaHostAllo’ from incompatible pointer type [-Wincompatible-pointer-types]
     if (cudaSuccess == cudaHostAlloc(&l.delta, batch*l.outputs * sizeof(float), cudaHostRegisterMapped)) l.delta_pinned = 1;
                                      ^
In file included from /usr/local/cuda/include/cuda_runtime.h:96:0,
                 from include/darknet.h:41,
                 from ./src/gaussian_yolo_layer.h:5,
                 from ./src/gaussian_yolo_layer.c:7:
/usr/local/cuda/include/cuda_runtime_api.h:4424:39: note: expected ‘void **’ but argument is of type ‘float **’
 extern __host__ cudaError_t CUDARTAPI cudaHostAlloc(void **pHost, size_t size, unsigned int flags);
                                       ^~~~~~~~~~~~~
./src/gaussian_yolo_layer.c: In function ‘resize_gaussian_yolo_layer’:
./src/gaussian_yolo_layer.c:110:42: warning: passing argument 1 of ‘cudaHostAlloc’ from incompatible pointer type [-Wincompatible-pointer-types]
         if (cudaSuccess != cudaHostAlloc(&l->output, l->batch*l->outputs * sizeof(float), cudaHostRegisterMapped)) {
                                          ^
In file included from /usr/local/cuda/include/cuda_runtime.h:96:0,
                 from include/darknet.h:41,
                 from ./src/gaussian_yolo_layer.h:5,
                 from ./src/gaussian_yolo_layer.c:7:
/usr/local/cuda/include/cuda_runtime_api.h:4424:39: note: expected ‘void **’ but argument is of type ‘float **’
 extern __host__ cudaError_t CUDARTAPI cudaHostAlloc(void **pHost, size_t size, unsigned int flags);
                                       ^~~~~~~~~~~~~
./src/gaussian_yolo_layer.c:119:42: warning: passing argument 1 of ‘cudaHostAlloc’ from incompatible pointer type [-Wincompatible-pointer-types]
         if (cudaSuccess != cudaHostAlloc(&l->delta, l->batch*l->outputs * sizeof(float), cudaHostRegisterMapped)) {
                                          ^
In file included from /usr/local/cuda/include/cuda_runtime.h:96:0,
                 from include/darknet.h:41,
                 from ./src/gaussian_yolo_layer.h:5,
                 from ./src/gaussian_yolo_layer.c:7:
/usr/local/cuda/include/cuda_runtime_api.h:4424:39: note: expected ‘void **’ but argument is of type ‘float **’
 extern __host__ cudaError_t CUDARTAPI cudaHostAlloc(void **pHost, size_t size, unsigned int flags);
                                       ^~~~~~~~~~~~~
gcc -Iinclude/ -I3rdparty/stb/include -DOPENCV `pkg-config --cflags opencv4 2> /dev/null || pkg-config --cflags opencv` -DGPU -I/usr/local/cuda/include/ -DCUDNN -Wall -Wfatal-errors -Wno-unused-result -Wno-unknown-pragmas -fPIC -Ofast -DOPENCV -DGPU -DCUDNN -I/usr/local/cudnn/include -c ./src/upsample_layer.c -o obj/upsample_layer.o
gcc -Iinclude/ -I3rdparty/stb/include -DOPENCV `pkg-config --cflags opencv4 2> /dev/null || pkg-config --cflags opencv` -DGPU -I/usr/local/cuda/include/ -DCUDNN -Wall -Wfatal-errors -Wno-unused-result -Wno-unknown-pragmas -fPIC -Ofast -DOPENCV -DGPU -DCUDNN -I/usr/local/cudnn/include -c ./src/lstm_layer.c -o obj/lstm_layer.o
gcc -Iinclude/ -I3rdparty/stb/include -DOPENCV `pkg-config --cflags opencv4 2> /dev/null || pkg-config --cflags opencv` -DGPU -I/usr/local/cuda/include/ -DCUDNN -Wall -Wfatal-errors -Wno-unused-result -Wno-unknown-pragmas -fPIC -Ofast -DOPENCV -DGPU -DCUDNN -I/usr/local/cudnn/include -c ./src/conv_lstm_layer.c -o obj/conv_lstm_layer.o
gcc -Iinclude/ -I3rdparty/stb/include -DOPENCV `pkg-config --cflags opencv4 2> /dev/null || pkg-config --cflags opencv` -DGPU -I/usr/local/cuda/include/ -DCUDNN -Wall -Wfatal-errors -Wno-unused-result -Wno-unknown-pragmas -fPIC -Ofast -DOPENCV -DGPU -DCUDNN -I/usr/local/cudnn/include -c ./src/scale_channels_layer.c -o obj/scale_channels_layer.o
gcc -Iinclude/ -I3rdparty/stb/include -DOPENCV `pkg-config --cflags opencv4 2> /dev/null || pkg-config --cflags opencv` -DGPU -I/usr/local/cuda/include/ -DCUDNN -Wall -Wfatal-errors -Wno-unused-result -Wno-unknown-pragmas -fPIC -Ofast -DOPENCV -DGPU -DCUDNN -I/usr/local/cudnn/include -c ./src/sam_layer.c -o obj/sam_layer.o
nvcc -gencode arch=compute_30,code=sm_30 -gencode arch=compute_35,code=sm_35 -gencode arch=compute_50,code=[sm_50,compute_50] -gencode arch=compute_52,code=[sm_52,compute_52] -gencode arch=compute_61,code=[sm_61,compute_61] -Iinclude/ -I3rdparty/stb/include -DOPENCV `pkg-config --cflags opencv4 2> /dev/null || pkg-config --cflags opencv` -DGPU -I/usr/local/cuda/include/ -DCUDNN --compiler-options "-Wall -Wfatal-errors -Wno-unused-result -Wno-unknown-pragmas -fPIC -Ofast -DOPENCV -DGPU -DCUDNN -I/usr/local/cudnn/include" -c ./src/convolutional_kernels.cu -o obj/convolutional_kernels.o
nvcc -gencode arch=compute_30,code=sm_30 -gencode arch=compute_35,code=sm_35 -gencode arch=compute_50,code=[sm_50,compute_50] -gencode arch=compute_52,code=[sm_52,compute_52] -gencode arch=compute_61,code=[sm_61,compute_61] -Iinclude/ -I3rdparty/stb/include -DOPENCV `pkg-config --cflags opencv4 2> /dev/null || pkg-config --cflags opencv` -DGPU -I/usr/local/cuda/include/ -DCUDNN --compiler-options "-Wall -Wfatal-errors -Wno-unused-result -Wno-unknown-pragmas -fPIC -Ofast -DOPENCV -DGPU -DCUDNN -I/usr/local/cudnn/include" -c ./src/activation_kernels.cu -o obj/activation_kernels.o
./src/activation_kernels.cu(253): warning: variable "MISH_THRESHOLD" was declared but never referenced

./src/activation_kernels.cu(253): warning: variable "MISH_THRESHOLD" was declared but never referenced

./src/activation_kernels.cu(253): warning: variable "MISH_THRESHOLD" was declared but never referenced

./src/activation_kernels.cu(253): warning: variable "MISH_THRESHOLD" was declared but never referenced

./src/activation_kernels.cu(253): warning: variable "MISH_THRESHOLD" was declared but never referenced

nvcc -gencode arch=compute_30,code=sm_30 -gencode arch=compute_35,code=sm_35 -gencode arch=compute_50,code=[sm_50,compute_50] -gencode arch=compute_52,code=[sm_52,compute_52] -gencode arch=compute_61,code=[sm_61,compute_61] -Iinclude/ -I3rdparty/stb/include -DOPENCV `pkg-config --cflags opencv4 2> /dev/null || pkg-config --cflags opencv` -DGPU -I/usr/local/cuda/include/ -DCUDNN --compiler-options "-Wall -Wfatal-errors -Wno-unused-result -Wno-unknown-pragmas -fPIC -Ofast -DOPENCV -DGPU -DCUDNN -I/usr/local/cudnn/include" -c ./src/im2col_kernels.cu -o obj/im2col_kernels.o
./src/im2col_kernels.cu:125:18: warning: "/*" within comment [-Wcomment]
                 //*data_col_ptr = (h >= 0 && w >= 0 && h < height && w < width) ?
                   
./src/im2col_kernels.cu:1178:6: warning: "/*" within comment [-Wcomment]
     //*((uint64_t *)(A_s + (local_i*lda + k) / 8)) = *((uint64_t *)(A + (i_cur*lda + k) / 8));    // weights
       
./src/im2col_kernels.cu:125:18: warning: "/*" within comment [-Wcomment]
                 //*data_col_ptr = (h >= 0 && w >= 0 && h < height && w < width) ?
                   
./src/im2col_kernels.cu:1178:6: warning: "/*" within comment [-Wcomment]
     //*((uint64_t *)(A_s + (local_i*lda + k) / 8)) = *((uint64_t *)(A + (i_cur*lda + k) / 8));    // weights
       
./src/im2col_kernels.cu:125:18: warning: "/*" within comment [-Wcomment]
                 //*data_col_ptr = (h >= 0 && w >= 0 && h < height && w < width) ?
                   
./src/im2col_kernels.cu:1178:6: warning: "/*" within comment [-Wcomment]
     //*((uint64_t *)(A_s + (local_i*lda + k) / 8)) = *((uint64_t *)(A + (i_cur*lda + k) / 8));    // weights
       
./src/im2col_kernels.cu:125:18: warning: "/*" within comment [-Wcomment]
                 //*data_col_ptr = (h >= 0 && w >= 0 && h < height && w < width) ?
                   
./src/im2col_kernels.cu:1178:6: warning: "/*" within comment [-Wcomment]
     //*((uint64_t *)(A_s + (local_i*lda + k) / 8)) = *((uint64_t *)(A + (i_cur*lda + k) / 8));    // weights
       
./src/im2col_kernels.cu:125:18: warning: "/*" within comment [-Wcomment]
                 //*data_col_ptr = (h >= 0 && w >= 0 && h < height && w < width) ?
                   
./src/im2col_kernels.cu:1178:6: warning: "/*" within comment [-Wcomment]
     //*((uint64_t *)(A_s + (local_i*lda + k) / 8)) = *((uint64_t *)(A + (i_cur*lda + k) / 8));    // weights
       
./src/im2col_kernels.cu:125:18: warning: "/*" within comment [-Wcomment]
                 //*data_col_ptr = (h >= 0 && w >= 0 && h < height && w < width) ?
                   
./src/im2col_kernels.cu:1178:6: warning: "/*" within comment [-Wcomment]
     //*((uint64_t *)(A_s + (local_i*lda + k) / 8)) = *((uint64_t *)(A + (i_cur*lda + k) / 8));    // weights
       
nvcc -gencode arch=compute_30,code=sm_30 -gencode arch=compute_35,code=sm_35 -gencode arch=compute_50,code=[sm_50,compute_50] -gencode arch=compute_52,code=[sm_52,compute_52] -gencode arch=compute_61,code=[sm_61,compute_61] -Iinclude/ -I3rdparty/stb/include -DOPENCV `pkg-config --cflags opencv4 2> /dev/null || pkg-config --cflags opencv` -DGPU -I/usr/local/cuda/include/ -DCUDNN --compiler-options "-Wall -Wfatal-errors -Wno-unused-result -Wno-unknown-pragmas -fPIC -Ofast -DOPENCV -DGPU -DCUDNN -I/usr/local/cudnn/include" -c ./src/col2im_kernels.cu -o obj/col2im_kernels.o
nvcc -gencode arch=compute_30,code=sm_30 -gencode arch=compute_35,code=sm_35 -gencode arch=compute_50,code=[sm_50,compute_50] -gencode arch=compute_52,code=[sm_52,compute_52] -gencode arch=compute_61,code=[sm_61,compute_61] -Iinclude/ -I3rdparty/stb/include -DOPENCV `pkg-config --cflags opencv4 2> /dev/null || pkg-config --cflags opencv` -DGPU -I/usr/local/cuda/include/ -DCUDNN --compiler-options "-Wall -Wfatal-errors -Wno-unused-result -Wno-unknown-pragmas -fPIC -Ofast -DOPENCV -DGPU -DCUDNN -I/usr/local/cudnn/include" -c ./src/blas_kernels.cu -o obj/blas_kernels.o
./src/blas_kernels.cu(1086): warning: variable "out_index" was declared but never referenced

./src/blas_kernels.cu(1130): warning: variable "step" was set but never used

./src/blas_kernels.cu(1736): warning: variable "stage_id" was declared but never referenced

./src/blas_kernels.cu(1086): warning: variable "out_index" was declared but never referenced

./src/blas_kernels.cu(1130): warning: variable "step" was set but never used

./src/blas_kernels.cu(1736): warning: variable "stage_id" was declared but never referenced

./src/blas_kernels.cu(1086): warning: variable "out_index" was declared but never referenced

./src/blas_kernels.cu(1130): warning: variable "step" was set but never used

./src/blas_kernels.cu(1736): warning: variable "stage_id" was declared but never referenced

./src/blas_kernels.cu(1086): warning: variable "out_index" was declared but never referenced

./src/blas_kernels.cu(1130): warning: variable "step" was set but never used

./src/blas_kernels.cu(1736): warning: variable "stage_id" was declared but never referenced

./src/blas_kernels.cu(1086): warning: variable "out_index" was declared but never referenced

./src/blas_kernels.cu(1130): warning: variable "step" was set but never used

./src/blas_kernels.cu(1736): warning: variable "stage_id" was declared but never referenced

./src/blas_kernels.cu: In function ‘void backward_shortcut_multilayer_gpu(int, int, int, int*, float**, float*, float*, float*, float*, int, float*, float**, WEIGHTS_NORMALIZATION_T)’:
./src/blas_kernels.cu:1130:5: warning: variable ‘step’ set but not used [-Wunused-but-set-variable]
     int step = 0;
     ^~~~
nvcc -gencode arch=compute_30,code=sm_30 -gencode arch=compute_35,code=sm_35 -gencode arch=compute_50,code=[sm_50,compute_50] -gencode arch=compute_52,code=[sm_52,compute_52] -gencode arch=compute_61,code=[sm_61,compute_61] -Iinclude/ -I3rdparty/stb/include -DOPENCV `pkg-config --cflags opencv4 2> /dev/null || pkg-config --cflags opencv` -DGPU -I/usr/local/cuda/include/ -DCUDNN --compiler-options "-Wall -Wfatal-errors -Wno-unused-result -Wno-unknown-pragmas -fPIC -Ofast -DOPENCV -DGPU -DCUDNN -I/usr/local/cudnn/include" -c ./src/crop_layer_kernels.cu -o obj/crop_layer_kernels.o
nvcc -gencode arch=compute_30,code=sm_30 -gencode arch=compute_35,code=sm_35 -gencode arch=compute_50,code=[sm_50,compute_50] -gencode arch=compute_52,code=[sm_52,compute_52] -gencode arch=compute_61,code=[sm_61,compute_61] -Iinclude/ -I3rdparty/stb/include -DOPENCV `pkg-config --cflags opencv4 2> /dev/null || pkg-config --cflags opencv` -DGPU -I/usr/local/cuda/include/ -DCUDNN --compiler-options "-Wall -Wfatal-errors -Wno-unused-result -Wno-unknown-pragmas -fPIC -Ofast -DOPENCV -DGPU -DCUDNN -I/usr/local/cudnn/include" -c ./src/dropout_layer_kernels.cu -o obj/dropout_layer_kernels.o
./src/dropout_layer_kernels.cu(140): warning: variable "cur_scale" was declared but never referenced

./src/dropout_layer_kernels.cu(245): warning: variable "cur_scale" was declared but never referenced

./src/dropout_layer_kernels.cu(262): warning: variable "block_prob" was declared but never referenced

./src/dropout_layer_kernels.cu(140): warning: variable "cur_scale" was declared but never referenced

./src/dropout_layer_kernels.cu(245): warning: variable "cur_scale" was declared but never referenced

./src/dropout_layer_kernels.cu(262): warning: variable "block_prob" was declared but never referenced

./src/dropout_layer_kernels.cu(140): warning: variable "cur_scale" was declared but never referenced

./src/dropout_layer_kernels.cu(245): warning: variable "cur_scale" was declared but never referenced

./src/dropout_layer_kernels.cu(262): warning: variable "block_prob" was declared but never referenced

./src/dropout_layer_kernels.cu(140): warning: variable "cur_scale" was declared but never referenced

./src/dropout_layer_kernels.cu(245): warning: variable "cur_scale" was declared but never referenced

./src/dropout_layer_kernels.cu(262): warning: variable "block_prob" was declared but never referenced

./src/dropout_layer_kernels.cu(140): warning: variable "cur_scale" was declared but never referenced

./src/dropout_layer_kernels.cu(245): warning: variable "cur_scale" was declared but never referenced

./src/dropout_layer_kernels.cu(262): warning: variable "block_prob" was declared but never referenced

nvcc -gencode arch=compute_30,code=sm_30 -gencode arch=compute_35,code=sm_35 -gencode arch=compute_50,code=[sm_50,compute_50] -gencode arch=compute_52,code=[sm_52,compute_52] -gencode arch=compute_61,code=[sm_61,compute_61] -Iinclude/ -I3rdparty/stb/include -DOPENCV `pkg-config --cflags opencv4 2> /dev/null || pkg-config --cflags opencv` -DGPU -I/usr/local/cuda/include/ -DCUDNN --compiler-options "-Wall -Wfatal-errors -Wno-unused-result -Wno-unknown-pragmas -fPIC -Ofast -DOPENCV -DGPU -DCUDNN -I/usr/local/cudnn/include" -c ./src/maxpool_layer_kernels.cu -o obj/maxpool_layer_kernels.o
nvcc -gencode arch=compute_30,code=sm_30 -gencode arch=compute_35,code=sm_35 -gencode arch=compute_50,code=[sm_50,compute_50] -gencode arch=compute_52,code=[sm_52,compute_52] -gencode arch=compute_61,code=[sm_61,compute_61] -Iinclude/ -I3rdparty/stb/include -DOPENCV `pkg-config --cflags opencv4 2> /dev/null || pkg-config --cflags opencv` -DGPU -I/usr/local/cuda/include/ -DCUDNN --compiler-options "-Wall -Wfatal-errors -Wno-unused-result -Wno-unknown-pragmas -fPIC -Ofast -DOPENCV -DGPU -DCUDNN -I/usr/local/cudnn/include" -c ./src/network_kernels.cu -o obj/network_kernels.o
./src/network_kernels.cu(361): warning: variable "l" was declared but never referenced

./src/network_kernels.cu(370): warning: variable "im" was set but never used

./src/network_kernels.cu(361): warning: variable "l" was declared but never referenced

./src/network_kernels.cu(370): warning: variable "im" was set but never used

./src/network_kernels.cu(361): warning: variable "l" was declared but never referenced

./src/network_kernels.cu(370): warning: variable "im" was set but never used

./src/network_kernels.cu(361): warning: variable "l" was declared but never referenced

./src/network_kernels.cu(370): warning: variable "im" was set but never used

./src/network_kernels.cu(361): warning: variable "l" was declared but never referenced

./src/network_kernels.cu(370): warning: variable "im" was set but never used

./src/network_kernels.cu: In function ‘float train_network_datum_gpu(network, float*, float*)’:
./src/network_kernels.cu:361:7: warning: variable ‘l’ set but not used [-Wunused-but-set-variable]
         layer l = net.layers[net.n - 1];
       ^
./src/network_kernels.cu:370:7: warning: variable ‘im’ set but not used [-Wunused-but-set-variable]
         image im;
       ^ 
nvcc -gencode arch=compute_30,code=sm_30 -gencode arch=compute_35,code=sm_35 -gencode arch=compute_50,code=[sm_50,compute_50] -gencode arch=compute_52,code=[sm_52,compute_52] -gencode arch=compute_61,code=[sm_61,compute_61] -Iinclude/ -I3rdparty/stb/include -DOPENCV `pkg-config --cflags opencv4 2> /dev/null || pkg-config --cflags opencv` -DGPU -I/usr/local/cuda/include/ -DCUDNN --compiler-options "-Wall -Wfatal-errors -Wno-unused-result -Wno-unknown-pragmas -fPIC -Ofast -DOPENCV -DGPU -DCUDNN -I/usr/local/cudnn/include" -c ./src/avgpool_layer_kernels.cu -o obj/avgpool_layer_kernels.o
g++ -std=c++11 -std=c++11 -Iinclude/ -I3rdparty/stb/include -DOPENCV `pkg-config --cflags opencv4 2> /dev/null || pkg-config --cflags opencv` -DGPU -I/usr/local/cuda/include/ -DCUDNN -Wall -Wfatal-errors -Wno-unused-result -Wno-unknown-pragmas -fPIC -Ofast -DOPENCV -DGPU -DCUDNN -I/usr/local/cudnn/include obj/image_opencv.o obj/http_stream.o obj/gemm.o obj/utils.o obj/dark_cuda.o obj/convolutional_layer.o obj/list.o obj/image.o obj/activations.o obj/im2col.o obj/col2im.o obj/blas.o obj/crop_layer.o obj/dropout_layer.o obj/maxpool_layer.o obj/softmax_layer.o obj/data.o obj/matrix.o obj/network.o obj/connected_layer.o obj/cost_layer.o obj/parser.o obj/option_list.o obj/darknet.o obj/detection_layer.o obj/captcha.o obj/route_layer.o obj/writing.o obj/box.o obj/nightmare.o obj/normalization_layer.o obj/avgpool_layer.o obj/coco.o obj/dice.o obj/yolo.o obj/detector.o obj/layer.o obj/compare.o obj/classifier.o obj/local_layer.o obj/swag.o obj/shortcut_layer.o obj/activation_layer.o obj/rnn_layer.o obj/gru_layer.o obj/rnn.o obj/rnn_vid.o obj/crnn_layer.o obj/demo.o obj/tag.o obj/cifar.o obj/go.o obj/batchnorm_layer.o obj/art.o obj/region_layer.o obj/reorg_layer.o obj/reorg_old_layer.o obj/super.o obj/voxel.o obj/tree.o obj/yolo_layer.o obj/gaussian_yolo_layer.o obj/upsample_layer.o obj/lstm_layer.o obj/conv_lstm_layer.o obj/scale_channels_layer.o obj/sam_layer.o obj/convolutional_kernels.o obj/activation_kernels.o obj/im2col_kernels.o obj/col2im_kernels.o obj/blas_kernels.o obj/crop_layer_kernels.o obj/dropout_layer_kernels.o obj/maxpool_layer_kernels.o obj/network_kernels.o obj/avgpool_layer_kernels.o -o darknet -lm -pthread `pkg-config --libs opencv4 2> /dev/null || pkg-config --libs opencv` -L/usr/local/cuda/lib64 -lcuda -lcudart -lcublas -lcurand -L/usr/local/cudnn/lib64 -lcudnn -lstdc++
steve@george:~/darknet$ ./darknet detector demo cfg/coco.data cfg/yolov3.cfg yolov3.weights test50.mp4 -i 0 -thresh 0.25
 CUDA-version: 10000 (10000), cuDNN: 7.5.0, GPU count: 1  
 OpenCV version: 3.3.1
Demo
 0 : compute_capability = 530, cudnn_half = 0, GPU: NVIDIA Tegra X1 
net.optimized_memory = 0 
mini_batch = 1, batch = 1, time_steps = 1, train = 0 
   layer   filters  size/strd(dil)      input                output
   0 conv     32       3 x 3/ 1    416 x 416 x   3 ->  416 x 416 x  32 0.299 BF
   1 conv     64       3 x 3/ 2    416 x 416 x  32 ->  208 x 208 x  64 1.595 BF
   2 conv     32       1 x 1/ 1    208 x 208 x  64 ->  208 x 208 x  32 0.177 BF
   3 conv     64       3 x 3/ 1    208 x 208 x  32 ->  208 x 208 x  64 1.595 BF
   4 Shortcut Layer: 1,  wt = 0, wn = 0, outputs: 208 x 208 x  64 0.003 BF
   5 conv    128       3 x 3/ 2    208 x 208 x  64 ->  104 x 104 x 128 1.595 BF
   6 conv     64       1 x 1/ 1    104 x 104 x 128 ->  104 x 104 x  64 0.177 BF
   7 conv    128       3 x 3/ 1    104 x 104 x  64 ->  104 x 104 x 128 1.595 BF
   8 Shortcut Layer: 5,  wt = 0, wn = 0, outputs: 104 x 104 x 128 0.001 BF
   9 conv     64       1 x 1/ 1    104 x 104 x 128 ->  104 x 104 x  64 0.177 BF
  10 conv    128       3 x 3/ 1    104 x 104 x  64 ->  104 x 104 x 128 1.595 BF
  11 Shortcut Layer: 8,  wt = 0, wn = 0, outputs: 104 x 104 x 128 0.001 BF
  12 conv    256       3 x 3/ 2    104 x 104 x 128 ->   52 x  52 x 256 1.595 BF
  13 conv    128       1 x 1/ 1     52 x  52 x 256 ->   52 x  52 x 128 0.177 BF
  14 conv    256       3 x 3/ 1     52 x  52 x 128 ->   52 x  52 x 256 1.595 BF
  15 Shortcut Layer: 12,  wt = 0, wn = 0, outputs:  52 x  52 x 256 0.001 BF
  16 conv    128       1 x 1/ 1     52 x  52 x 256 ->   52 x  52 x 128 0.177 BF
  17 conv    256       3 x 3/ 1     52 x  52 x 128 ->   52 x  52 x 256 1.595 BF
  18 Shortcut Layer: 15,  wt = 0, wn = 0, outputs:  52 x  52 x 256 0.001 BF
  19 conv    128       1 x 1/ 1     52 x  52 x 256 ->   52 x  52 x 128 0.177 BF
  20 conv    256       3 x 3/ 1     52 x  52 x 128 ->   52 x  52 x 256 1.595 BF
  21 Shortcut Layer: 18,  wt = 0, wn = 0, outputs:  52 x  52 x 256 0.001 BF
  22 conv    128       1 x 1/ 1     52 x  52 x 256 ->   52 x  52 x 128 0.177 BF
  23 conv    256       3 x 3/ 1     52 x  52 x 128 ->   52 x  52 x 256 1.595 BF
  24 Shortcut Layer: 21,  wt = 0, wn = 0, outputs:  52 x  52 x 256 0.001 BF
  25 conv    128       1 x 1/ 1     52 x  52 x 256 ->   52 x  52 x 128 0.177 BF
  26 conv    256       3 x 3/ 1     52 x  52 x 128 ->   52 x  52 x 256 1.595 BF
  27 Shortcut Layer: 24,  wt = 0, wn = 0, outputs:  52 x  52 x 256 0.001 BF
  28 conv    128       1 x 1/ 1     52 x  52 x 256 ->   52 x  52 x 128 0.177 BF
  29 conv    256       3 x 3/ 1     52 x  52 x 128 ->   52 x  52 x 256 1.595 BF
  30 Shortcut Layer: 27,  wt = 0, wn = 0, outputs:  52 x  52 x 256 0.001 BF
  31 conv    128       1 x 1/ 1     52 x  52 x 256 ->   52 x  52 x 128 0.177 BF
  32 conv    256       3 x 3/ 1     52 x  52 x 128 ->   52 x  52 x 256 1.595 BF
  33 Shortcut Layer: 30,  wt = 0, wn = 0, outputs:  52 x  52 x 256 0.001 BF
  34 conv    128       1 x 1/ 1     52 x  52 x 256 ->   52 x  52 x 128 0.177 BF
  35 conv    256       3 x 3/ 1     52 x  52 x 128 ->   52 x  52 x 256 1.595 BF
  36 Shortcut Layer: 33,  wt = 0, wn = 0, outputs:  52 x  52 x 256 0.001 BF
  37 conv    512       3 x 3/ 2     52 x  52 x 256 ->   26 x  26 x 512 1.595 BF
  38 conv    256       1 x 1/ 1     26 x  26 x 512 ->   26 x  26 x 256 0.177 BF
  39 conv    512       3 x 3/ 1     26 x  26 x 256 ->   26 x  26 x 512 1.595 BF
  40 Shortcut Layer: 37,  wt = 0, wn = 0, outputs:  26 x  26 x 512 0.000 BF
  41 conv    256       1 x 1/ 1     26 x  26 x 512 ->   26 x  26 x 256 0.177 BF
  42 conv    512       3 x 3/ 1     26 x  26 x 256 ->   26 x  26 x 512 1.595 BF
  43 Shortcut Layer: 40,  wt = 0, wn = 0, outputs:  26 x  26 x 512 0.000 BF
  44 conv    256       1 x 1/ 1     26 x  26 x 512 ->   26 x  26 x 256 0.177 BF
  45 conv    512       3 x 3/ 1     26 x  26 x 256 ->   26 x  26 x 512 1.595 BF
  46 Shortcut Layer: 43,  wt = 0, wn = 0, outputs:  26 x  26 x 512 0.000 BF
  47 conv    256       1 x 1/ 1     26 x  26 x 512 ->   26 x  26 x 256 0.177 BF
  48 conv    512       3 x 3/ 1     26 x  26 x 256 ->   26 x  26 x 512 1.595 BF
  49 Shortcut Layer: 46,  wt = 0, wn = 0, outputs:  26 x  26 x 512 0.000 BF
  50 conv    256       1 x 1/ 1     26 x  26 x 512 ->   26 x  26 x 256 0.177 BF
  51 conv    512       3 x 3/ 1     26 x  26 x 256 ->   26 x  26 x 512 1.595 BF
  52 Shortcut Layer: 49,  wt = 0, wn = 0, outputs:  26 x  26 x 512 0.000 BF
  53 conv    256       1 x 1/ 1     26 x  26 x 512 ->   26 x  26 x 256 0.177 BF
  54 conv    512       3 x 3/ 1     26 x  26 x 256 ->   26 x  26 x 512 1.595 BF
  55 Shortcut Layer: 52,  wt = 0, wn = 0, outputs:  26 x  26 x 512 0.000 BF
  56 conv    256       1 x 1/ 1     26 x  26 x 512 ->   26 x  26 x 256 0.177 BF
  57 conv    512       3 x 3/ 1     26 x  26 x 256 ->   26 x  26 x 512 1.595 BF
  58 Shortcut Layer: 55,  wt = 0, wn = 0, outputs:  26 x  26 x 512 0.000 BF
  59 conv    256       1 x 1/ 1     26 x  26 x 512 ->   26 x  26 x 256 0.177 BF
  60 conv    512       3 x 3/ 1     26 x  26 x 256 ->   26 x  26 x 512 1.595 BF
  61 Shortcut Layer: 58,  wt = 0, wn = 0, outputs:  26 x  26 x 512 0.000 BF
  62 conv   1024       3 x 3/ 2     26 x  26 x 512 ->   13 x  13 x1024 1.595 BF
  63 conv    512       1 x 1/ 1     13 x  13 x1024 ->   13 x  13 x 512 0.177 BF
  64 conv   1024       3 x 3/ 1     13 x  13 x 512 ->   13 x  13 x1024 1.595 BF
  65 Shortcut Layer: 62,  wt = 0, wn = 0, outputs:  13 x  13 x1024 0.000 BF
  66 conv    512       1 x 1/ 1     13 x  13 x1024 ->   13 x  13 x 512 0.177 BF
  67 conv   1024       3 x 3/ 1     13 x  13 x 512 ->   13 x  13 x1024 1.595 BF
  68 Shortcut Layer: 65,  wt = 0, wn = 0, outputs:  13 x  13 x1024 0.000 BF
  69 conv    512       1 x 1/ 1     13 x  13 x1024 ->   13 x  13 x 512 0.177 BF
  70 conv   1024       3 x 3/ 1     13 x  13 x 512 ->   13 x  13 x1024 1.595 BF
  71 Shortcut Layer: 68,  wt = 0, wn = 0, outputs:  13 x  13 x1024 0.000 BF
  72 conv    512       1 x 1/ 1     13 x  13 x1024 ->   13 x  13 x 512 0.177 BF
  73 conv   1024       3 x 3/ 1     13 x  13 x 512 ->   13 x  13 x1024 1.595 BF
  74 Shortcut Layer: 71,  wt = 0, wn = 0, outputs:  13 x  13 x1024 0.000 BF
  75 conv    512       1 x 1/ 1     13 x  13 x1024 ->   13 x  13 x 512 0.177 BF
  76 conv   1024       3 x 3/ 1     13 x  13 x 512 ->   13 x  13 x1024 1.595 BF
  77 conv    512       1 x 1/ 1     13 x  13 x1024 ->   13 x  13 x 512 0.177 BF
  78 conv   1024       3 x 3/ 1     13 x  13 x 512 ->   13 x  13 x1024 1.595 BF
  79 conv    512       1 x 1/ 1     13 x  13 x1024 ->   13 x  13 x 512 0.177 BF
  80 conv   1024       3 x 3/ 1     13 x  13 x 512 ->   13 x  13 x1024 1.595 BF
  81 conv    255       1 x 1/ 1     13 x  13 x1024 ->   13 x  13 x 255 0.088 BF
  82 yolo
[yolo] params: iou loss: mse (2), iou_norm: 0.75, cls_norm: 1.00, scale_x_y: 1.00
  83 route  79 		                           ->   13 x  13 x 512 
  84 conv    256       1 x 1/ 1     13 x  13 x 512 ->   13 x  13 x 256 0.044 BF
  85 upsample                 2x    13 x  13 x 256 ->   26 x  26 x 256
  86 route  85 61 	                           ->   26 x  26 x 768 
  87 conv    256       1 x 1/ 1     26 x  26 x 768 ->   26 x  26 x 256 0.266 BF
  88 conv    512       3 x 3/ 1     26 x  26 x 256 ->   26 x  26 x 512 1.595 BF
  89 conv    256       1 x 1/ 1     26 x  26 x 512 ->   26 x  26 x 256 0.177 BF
  90 conv    512       3 x 3/ 1     26 x  26 x 256 ->   26 x  26 x 512 1.595 BF
  91 conv    256       1 x 1/ 1     26 x  26 x 512 ->   26 x  26 x 256 0.177 BF
  92 conv    512       3 x 3/ 1     26 x  26 x 256 ->   26 x  26 x 512 1.595 BF
  93 conv    255       1 x 1/ 1     26 x  26 x 512 ->   26 x  26 x 255 0.177 BF
  94 yolo
[yolo] params: iou loss: mse (2), iou_norm: 0.75, cls_norm: 1.00, scale_x_y: 1.00
  95 route  91 		                           ->   26 x  26 x 256 
  96 conv    128       1 x 1/ 1     26 x  26 x 256 ->   26 x  26 x 128 0.044 BF
  97 upsample                 2x    26 x  26 x 128 ->   52 x  52 x 128
  98 route  97 36 	                           ->   52 x  52 x 384 
  99 conv    128       1 x 1/ 1     52 x  52 x 384 ->   52 x  52 x 128 0.266 BF
 100 conv    256       3 x 3/ 1     52 x  52 x 128 ->   52 x  52 x 256 1.595 BF
 101 conv    128       1 x 1/ 1     52 x  52 x 256 ->   52 x  52 x 128 0.177 BF
 102 conv    256       3 x 3/ 1     52 x  52 x 128 ->   52 x  52 x 256 1.595 BF
 103 conv    128       1 x 1/ 1     52 x  52 x 256 ->   52 x  52 x 128 0.177 BF
 104 conv    256       3 x 3/ 1     52 x  52 x 128 ->   52 x  52 x 256 1.595 BF
 105 conv    255       1 x 1/ 1     52 x  52 x 256 ->   52 x  52 x 255 0.353 BF
 106 yolo
[yolo] params: iou loss: mse (2), iou_norm: 0.75, cls_norm: 1.00, scale_x_y: 1.00
Total BFLOPS 65.879 
avg_outputs = 532444 
 Allocate additional workspace_size = 13.11 MB 
Loading weights from yolov3.weights...
 seen 64, trained: 32013 K-images (500 Kilo-batches_64) 
Done! Loaded 107 layers from weights-file 
video file: test50.mp4
Video stream: 1280 x 720 

(Demo:9355): Gtk-WARNING **: 15:40:38.857: cannot open display: 
steve@george:~/darknet$ ls
3rdparty                darknet_video.py       results
backup                  data                   scripts
build                   image_yolov2.sh        src
build.ps1               image_yolov3.sh        test50.mp4
build.sh                include                test52.mp4
cfg                     json_mjpeg_streams.sh  video_v2.sh
cmake                   LICENSE                video_yolov3.sh
CMakeLists.txt          Makefile               yolov3-tiny.weights
darknet                 net_cam_v3.sh          yolov3.weights
DarknetConfig.cmake.in  obj
darknet.py              README.md
steve@george:~/darknet$ cd cfg
steve@george:~/darknet/cfg$ ls
9k.labels                                   resnet152_trident.cfg
9k.names                                    resnet50.cfg
9k.tree                                     resnext152-32x4d.cfg
alexnet.cfg                                 rnn.cfg
cd53paspp-gamma.cfg                         rnn.train.cfg
cifar.cfg                                   strided.cfg
cifar.test.cfg                              t1.test.cfg
coco9k.map                                  tiny.cfg
coco.data                                   tiny-yolo.cfg
coco.names                                  tiny-yolo-voc.cfg
combine9k.data                              tiny-yolo_xnor.cfg
crnn.train.cfg                              vgg-16.cfg
csdarknet53-omega.cfg                       vgg-conv.cfg
csresnext50-panet-spp.cfg                   voc.data
csresnext50-panet-spp-original-optimal.cfg  writing.cfg
darknet19_448.cfg                           yolo.2.0.cfg
darknet19.cfg                               yolo9000.cfg
darknet53_448_xnor.cfg                      yolo.cfg
darknet53.cfg                               yolov1
darknet.cfg                                 yolov2.cfg
densenet201.cfg                             yolov2-tiny.cfg
efficientnet_b0.cfg                         yolov2-tiny-voc.cfg
efficientnet-lite3.cfg                      yolov2-voc.cfg
enet-coco.cfg                               yolov3_5l.cfg
extraction22k.cfg                           yolov3.cfg
extraction.cfg                              yolov3.coco-giou-12.cfg
extraction.conv.cfg                         yolov3-openimages.cfg
Gaussian_yolov3_BDD.cfg                     yolov3-spp.cfg
go.test.cfg                                 yolov3-tiny_3l.cfg
gru.cfg                                     yolov3-tiny.cfg
imagenet1k.data                             yolov3-tiny_obj.cfg
imagenet22k.dataset                         yolov3-tiny_occlusion_track.cfg
imagenet9k.hierarchy.dataset                yolov3-tiny-prn.cfg
imagenet.labels.list                        yolov3-tiny_xnor.cfg
imagenet.shortnames.list                    yolov3-voc.cfg
inet9k.map                                  yolov3-voc.yolov3-giou-40.cfg
jnet-conv.cfg                               yolov4.cfg
lstm.train.cfg                              yolov4-custom.cfg
openimages.data                             yolo-voc.2.0.cfg
resnet101.cfg                               yolo-voc.cfg
resnet152.cfg
steve@george:~/darknet/cfg$ client_loop: send disconnect: Broken pipe

  [Restored Jun 6, 2020 at 8:55:12 PM]
Restored session: Sat Jun  6 20:54:14 EDT 2020

The default interactive shell is now zsh.
To update your account to use zsh, please run `chsh -s /bin/zsh`.
For more details, please visit https://support.apple.com/kb/HT208050.
(base) Steves-MBP:~ stevedepp$ 
